// Vitest Snapshot v1, https://vitest.dev/guide/snapshot.html

exports[`ErrorPage snapshot 1`] = `
<DocumentFragment>
  <main>
    <div
      class="w-1/2 text-left absolute"
    >
      <nav
        aria-label="breadcrumb"
        class="w-max"
      >
        <ol
          class="flex w-full flex-wrap items-center rounded-md bg-opacity-60 py-2 px-4 "
        >
          <li
            class="flex items-center font-sans text-sm font-normal leading-normal antialiased transition-colors"
          >
            <a
              class="opacity-60 duration-300 hover:text-green"
              href="/"
              id="breadcrumb-link-home"
            >
              <svg
                class="h-4 w-4"
                fill="currentColor"
                viewBox="0 0 20 20"
                xmlns="http://www.w3.org/2000/svg"
              >
                <path
                  d="M10.707 2.293a1 1 0 00-1.414 0l-7 7a1 1 0 001.414 1.414L4 10.414V17a1 1 0 001 1h2a1 1 0 001-1v-2a1 1 0 011-1h2a1 1 0 011 1v2a1 1 0 001 1h2a1 1 0 001-1v-6.586l.293.293a1 1 0 001.414-1.414l-7-7z"
                />
              </svg>
            </a>
            <span
              class="pointer-events-none mx-2 select-none font-sans text-sm font-normal leading-normal antialiased"
            >
              /
            </span>
          </li>
          <li
            class="flex items-center font-sans text-sm font-normal leading-normal antialiased transition-colors"
          >
            <div
              class="opacity-70"
            >
              <span>
                Unknown Page
              </span>
            </div>
          </li>
        </ol>
      </nav>
    </div>
    <section
      class="flex items-center pt-10 px-5 sm:pt-32 sm:px-10 flex-col text-gray-500 text-center"
    >
      <header>
        <h1
          class="text-7xl"
        >
          Error Occurred
        </h1>
        <h2
          class="text-3xl my-4"
        >
          Page Not Found
        </h2>
      </header>
      <section
        class="max-w-xl mb-10"
      >
        <p>
          The page you are looking for might have been removed, had its name changed, or is temporarily unavailable.
        </p>
      </section>
      <section
        class="w-1/6 min-w-fit"
      >
        <button
          class="flex w-full justify-center rounded-md px-3 py-1.5 text-sm font-semibold leading-8 text-white shadow-[0_4px_9px_-4px_#8FC0A9] undefined"
          type="button"
        >
          Go Back
        </button>
      </section>
    </section>
  </main>
</DocumentFragment>
`;
