// Vitest Snapshot v1, https://vitest.dev/guide/snapshot.html

exports[`LoginPage snapshot 1`] = `
<DocumentFragment>
  <main
    class="w-screen flex justify-center"
  >
    <section
      class="flex h-4/5 sm:w-[32rem] w-4/5 flex-col justify-center px-8 py-10 my-10 rounded-lg md:px-20 bg-white"
    >
      <header
        class="sm:mx-auto sm:w-full sm:max-w-sm"
      >
        <div
          class="flex items-center justify-center"
        >
          <svg
            color="#8FC0A9"
            fill="currentColor"
            height="60"
            stroke="currentColor"
            stroke-width="0"
            style="color: rgb(143, 192, 169);"
            viewBox="0 0 512 512"
            width="60"
            xmlns="http://www.w3.org/2000/svg"
          >
            <path
              d="M470.38 1.51L150.41 96A32 32 0 0 0 128 126.51v261.41A139 139 0 0 0 96 384c-53 0-96 28.66-96 64s43 64 96 64 96-28.66 96-64V214.32l256-75v184.61a138.4 138.4 0 0 0-32-3.93c-53 0-96 28.66-96 64s43 64 96 64 96-28.65 96-64V32a32 32 0 0 0-41.62-30.49z"
            />
          </svg>
        </div>
        <h2
          class="mt-10 text-center text-3xl font-bold leading-9 tracking-tight text-blueGray"
        >
          Sign in to your account
        </h2>
      </header>
      <div
        class="mt-10 sm:mx-auto sm:w-full sm:max-w-sm"
      >
        <form
          class="space-y-6"
        >
          <main>
            <label
              class="block text-sm font-medium leading-6 text-blueGray"
              for="username"
            >
              Username
            </label>
            <input
              class="block w-full h-12 rounded-md border-0 py-1.5 px-2 text-blueGray shadow-sm ring-1 ring-inset ring-gray-300 placeholder:text-gray-300 focus:ring-2 focus:ring-inset focus:ring-red sm:text-sm sm:leading-6 mt-2"
              id="username"
              name="username"
              placeholder="Username"
              required=""
              type="username"
              value=""
            />
          </main>
          <main>
            <label
              class="block text-sm font-medium leading-6 text-blueGray"
              for="password"
            >
              Password
            </label>
            <input
              class="block w-full h-12 rounded-md border-0 py-1.5 px-2 text-blueGray shadow-sm ring-1 ring-inset ring-gray-300 placeholder:text-gray-300 focus:ring-2 focus:ring-inset focus:ring-red sm:text-sm sm:leading-6 mt-2"
              id="password"
              name="password"
              placeholder="Password"
              required=""
              type="password"
              value=""
            />
          </main>
          <button
            class="flex w-full justify-center rounded-md px-3 py-1.5 text-sm font-semibold leading-8 text-white shadow-[0_4px_9px_-4px_#8FC0A9] undefined"
            type="submit"
          >
            Sign in
          </button>
        </form>
        <footer
          class="mt-10 text-center text-sm text-blueGray"
        >
          Don't have an account?
          <button
            class="ml-2 font-semibold leading-6 text-green hover:cursor-pointer"
          >
            Register here
          </button>
        </footer>
      </div>
    </section>
  </main>
</DocumentFragment>
`;
